
> frontend@0.0.0 build
> vite build

[36mvite v7.3.1 [32mbuilding client environment for production...[36m[39m
transforming...
[32mΓ£ô[39m 7 modules transformed.
node.exe : 
[31mΓ£ù[39m Build 
failed in 199ms
At line:1 char:1
+ & "C:\Program Files
\nodejs/node.exe" 
"C:\Program 
Files\nodejs/node_mo 
...
+ ~~~~~~~~~~~~~~~~~~~
~~~~~~~~~~~~~~~~~~~~~
~~~~~~~~~~~~~~~~~~~~~
~~~~~~~~
    + CategoryInfo   
           : NotSpe  
  cified: ([31mΓ£   
 ù[39m Build fai    
led in 199ms:Str    
ing) [], RemoteE    
xception
    + FullyQualified 
   ErrorId : Native  
  CommandError
 
[31merror during 
build:
[31m[@tailwindcss/vi
te:generate:build] 
Cannot apply unknown 
utility class 
`bg-primary`[31m
file: [36mC:/Users/a
ishu/OneDrive/Desktop
/medico/frontend/src/
index.css[31m
    at 
onInvalidCandidate (f
ile:///C:/Users/aishu
/OneDrive/Desktop/med
ico/frontend/node_mod
ules/tailwindcss/dist
/chunk-CT46QCH7.mjs:2
1:1511)
    at Ce (file:///C:
/Users/aishu/OneDrive
/Desktop/medico/front
end/node_modules/tail
windcss/dist/chunk-CT
46QCH7.mjs:16:36652)
    at file:///C:/Use
rs/aishu/OneDrive/Des
ktop/medico/frontend/
node_modules/tailwind
css/dist/chunk-CT46QC
H7.mjs:21:355
    at br (file:///C:
/Users/aishu/OneDrive
/Desktop/medico/front
end/node_modules/tail
windcss/dist/chunk-CT
46QCH7.mjs:3:1718)
    at I (file:///C:/
Users/aishu/OneDrive/
Desktop/medico/fronte
nd/node_modules/tailw
indcss/dist/chunk-CT4
6QCH7.mjs:3:1377)
    at Ae (file:///C:
/Users/aishu/OneDrive
/Desktop/medico/front
end/node_modules/tail
windcss/dist/chunk-CT
46QCH7.mjs:21:172)
    at Wi (file:///C:
/Users/aishu/OneDrive
/Desktop/medico/front
end/node_modules/tail
windcss/dist/chunk-CT
46QCH7.mjs:38:294)
    at async Za (file
:///C:/Users/aishu/On
eDrive/Desktop/medico
/frontend/node_module
s/tailwindcss/dist/ch
unk-CT46QCH7.mjs:38:6
31)
    at async rf (file
:///C:/Users/aishu/On
eDrive/Desktop/medico
/frontend/node_module
s/tailwindcss/dist/ch
unk-CT46QCH7.mjs:38:1
406)
    at async lu (file
:///C:/Users/aishu/On
eDrive/Desktop/medico
/frontend/node_module
s/@tailwindcss/node/d
ist/index.mjs:10:3458
)[39m
