Starting DB test...
URI: mongodb://aishumaa18_db_user:onetwothree@ac-szjxtm8-shard-00-00.xzltp5w.mongodb.net:27017,ac-szjxtm8-shard-00-01.xzltp5w.mongodb.net:27017,ac-szjxtm8-shard-00-02.xzltp5w.mongodb.net:27017/medico?ssl=true&replicaSet=atlas-sgrzqj-shard-0&authSource=admin
node : FAILURE: 
Connection Error:
At line:1 char:1
+ node test-db.js > 
test_output.txt 
2>&1; Get-Content 
test_output.txt
+ ~~~~~~~~~~~~~~~~~~~
~~~~~~~~~~~~~~~~~~~
    + CategoryInfo   
           : 
NotSpecified: (F    
AILURE: Connection 
Er    ror::String) 
[], Remo    
teException
    + 
FullyQualifiedError  
  Id : 
NativeCommandErr    
or
 
Could not connect to 
any servers in your 
MongoDB Atlas 
cluster. One common 
reason is that 
you're trying to 
access the database 
from an IP that 
isn't whitelisted. 
Make sure your 
current IP address 
is on your Atlas 
cluster's IP 
whitelist: https://ww
w.mongodb.com/docs/at
las/security-whitelis
t/
Cause: undefined
